==22874== Memcheck, a memory error detector
==22874== Copyright (C) 2002-2024, and GNU GPL'd, by Julian Seward et al.
==22874== Using Valgrind-3.25.1 and LibVEX; rerun with -h for copyright info
==22874== Command: ./build/test
==22874== Parent PID: 15850
==22874== 
--22874-- malloc(1024) = 0x4AA7040
--22874-- malloc(1024) = 0x4AA7480
--22874-- free(0x0)
--22874-- free(0x0)
--22874-- free(0x0)
--22874-- free(0x4AA7040)
--22874-- free(0x0)
--22874-- free(0x0)
--22874-- free(0x0)
--22874-- free(0x0)
--22874-- free(0x0)
--22874-- free(0x0)
--22874-- free(0x0)
--22874-- free(0x0)
--22874-- free(0x0)
--22874-- free(0x0)
--22874-- free(0x0)
--22874-- free(0x0)
--22874-- free(0x0)
--22874-- free(0x0)
--22874-- free(0x0)
--22874-- free(0x0)
--22874-- free(0x0)
--22874-- free(0x0)
--22874-- free(0x0)
--22874-- free(0x0)
--22874-- free(0x0)
--22874-- free(0x0)
--22874-- free(0x0)
--22874-- free(0x0)
--22874-- free(0x0)
--22874-- free(0x0)
--22874-- free(0x0)
--22874-- free(0x0)
--22874-- free(0x0)
--22874-- free(0x0)
--22874-- free(0x0)
--22874-- free(0x0)
--22874-- free(0x0)
--22874-- free(0x0)
--22874-- free(0x0)
--22874-- free(0x0)
--22874-- free(0x0)
--22874-- free(0x0)
--22874-- free(0x0)
--22874-- free(0x0)
--22874-- free(0x0)
--22874-- free(0x0)
--22874-- free(0x0)
--22874-- free(0x0)
--22874-- free(0x0)
--22874-- free(0x0)
--22874-- free(0x0)
--22874-- free(0x0)
--22874-- free(0x0)
--22874-- free(0x0)
--22874-- free(0x0)
--22874-- free(0x0)
--22874-- free(0x0)
--22874-- free(0x0)
--22874-- free(0x0)
--22874-- free(0x0)
--22874-- free(0x0)
--22874-- free(0x0)
--22874-- free(0x0)
--22874-- free(0x0)
--22874-- free(0x0)
--22874-- free(0x0)
--22874-- free(0x0)
--22874-- free(0x0)
--22874-- free(0x0)
--22874-- free(0x0)
==22874== 
==22874== HEAP SUMMARY:
==22874==     in use at exit: 1,024 bytes in 1 blocks
==22874==   total heap usage: 2 allocs, 1 frees, 2,048 bytes allocated
==22874== 
==22874== LEAK SUMMARY:
==22874==    definitely lost: 1,024 bytes in 1 blocks
==22874==    indirectly lost: 0 bytes in 0 blocks
==22874==      possibly lost: 0 bytes in 0 blocks
==22874==    still reachable: 0 bytes in 0 blocks
==22874==         suppressed: 0 bytes in 0 blocks
==22874== Rerun with --leak-check=full to see details of leaked memory
==22874== 
==22874== For lists of detected and suppressed errors, rerun with: -s
==22874== ERROR SUMMARY: 0 errors from 0 contexts (suppressed: 0 from 0)
